.next/types/app/dashboard/pacientes/[titularId]/beneficiarios/page.ts(34,29): error TS2344: Type '{ params: { titularId: string; }; }' does not satisfy the constraint 'PageProps'.
  Types of property 'params' are incompatible.
    Type '{ titularId: string; }' is missing the following properties from type 'Promise<any>': then, catch, finally, [Symbol.toStringTag]
src/actions/auth-actions.ts(51,87): error TS2551: Property 'roleId' does not exist on type '{ id: string; username: string; role: { id: string; name: string; }; specialty?: Specialty | undefined; personaId?: string | undefined; name?: string | undefined; genero?: Genero | undefined; }'. Did you mean 'role'?
src/actions/auth-actions.ts(53,74): error TS2551: Property 'roleId' does not exist on type '{ id: string; username: string; role: { id: string; name: string; }; specialty?: Specialty | undefined; personaId?: string | undefined; name?: string | undefined; genero?: Genero | undefined; }'. Did you mean 'role'?
src/actions/auth-actions.ts(62,35): error TS2551: Property 'specialtyId' does not exist on type '{ id: string; username: string; role: { id: string; name: string; }; specialty?: Specialty | undefined; personaId?: string | undefined; name?: string | undefined; genero?: Genero | undefined; }'. Did you mean 'specialty'?
src/actions/auth-actions.ts(62,120): error TS2551: Property 'specialtyId' does not exist on type '{ id: string; username: string; role: { id: string; name: string; }; specialty?: Specialty | undefined; personaId?: string | undefined; name?: string | undefined; genero?: Genero | undefined; }'. Did you mean 'specialty'?
src/actions/auth-actions.ts(64,45): error TS2558: Expected 0 type arguments, but got 1.
src/actions/auth-actions.ts(66,22): error TS2551: Property 'roleId' does not exist on type '{ id: string; username: string; role: { id: string; name: string; }; specialty?: Specialty | undefined; personaId?: string | undefined; name?: string | undefined; genero?: Genero | undefined; }'. Did you mean 'role'?
src/actions/auth-actions.ts(112,43): error TS2558: Expected 0 type arguments, but got 1.
src/actions/db-explorer-actions.ts(14,31): error TS2558: Expected 0 type arguments, but got 1.
src/actions/patient-actions.ts(1297,41): error TS2558: Expected 0 type arguments, but got 1.
src/actions/patient-actions.ts(1320,40): error TS2558: Expected 0 type arguments, but got 1.
src/actions/patient-actions.ts(1715,55): error TS2558: Expected 0 type arguments, but got 1.
src/actions/security-actions.ts(25,31): error TS2558: Expected 0 type arguments, but got 1.
src/ai/flows/generate-prescription.ts(24,14): error TS2305: Module '"genkit"' has no exported member 'GeneratePrescriptionInput'.
src/ai/flows/summarize-patient-history.ts(16,14): error TS2305: Module '"genkit"' has no exported member 'PatientHistoryInput'.
src/app/dashboard/reportes/page.tsx(196,132): error TS2769: No overload matches this call.
  Overload 1 of 2, '(props: Props): YAxis', gave the following error.
    Object literal may only specify known properties, and 'whiteSpace' does not exist in type 'SVGProps<SVGTextElement> | ReactElement<SVGElement, string | JSXElementConstructor<any>> | ((props: any) => ReactElement<...>)'.
  Overload 2 of 2, '(props: Props, context: any): YAxis', gave the following error.
    Object literal may only specify known properties, and 'whiteSpace' does not exist in type 'SVGProps<SVGTextElement> | ReactElement<SVGElement, string | JSXElementConstructor<any>> | ((props: any) => ReactElement<...>)'.
src/app/dashboard/reportes/page.tsx(380,158): error TS2769: No overload matches this call.
  Overload 1 of 2, '(props: Props): YAxis', gave the following error.
    Object literal may only specify known properties, and 'whiteSpace' does not exist in type 'SVGProps<SVGTextElement> | ReactElement<SVGElement, string | JSXElementConstructor<any>> | ((props: any) => ReactElement<...>)'.
  Overload 2 of 2, '(props: Props, context: any): YAxis', gave the following error.
    Object literal may only specify known properties, and 'whiteSpace' does not exist in type 'SVGProps<SVGTextElement> | ReactElement<SVGElement, string | JSXElementConstructor<any>> | ((props: any) => ReactElement<...>)'.
src/components/auth/login-form.tsx(5,25): error TS2305: Module '"react-dom"' has no exported member 'useActionState'.
src/components/cie10-management.tsx(19,26): error TS2459: Module '"@/components/ui/data-table"' declares 'ColumnDef' locally, but it is not exported.
src/components/cie10-management.tsx(111,18): error TS7031: Binding element 'row' implicitly has an 'any' type.
src/components/cie10-management.tsx(119,18): error TS7031: Binding element 'row' implicitly has an 'any' type.
src/components/company-management.tsx(20,26): error TS2459: Module '"@/components/ui/data-table"' declares 'ColumnDef' locally, but it is not exported.
src/components/company-management.tsx(113,57): error TS7031: Binding element 'row' implicitly has an 'any' type.
src/components/company-management.tsx(116,65): error TS7031: Binding element 'row' implicitly has an 'any' type.
src/components/company-management.tsx(119,20): error TS7031: Binding element 'row' implicitly has an 'any' type.
src/components/consultation-form-steps/step-diagnostico-plan.tsx(140,24): error TS2352: Conversion of type 'Record<"id", string>' to type 'CreateTreatmentItemInput' may be a mistake because neither type sufficiently overlaps with the other. If this was intentional, convert the expression to 'unknown' first.
  Property 'medicamentoProcedimiento' is missing in type 'Record<"id", string>' but required in type 'Omit<TreatmentOrderItem, "id" | "treatmentOrderId" | "status" | "executions">'.
src/components/consultation-form-steps/step-diagnostico-plan.tsx(273,52): error TS7006: Parameter 'study' implicitly has an 'any' type.
src/components/consultation-form.tsx(287,17): error TS2322: Type '{ medicamentos?: string | undefined; patologicosOtros?: string | undefined; quirurgicosOtros?: string | undefined; alergicosOtros?: string | undefined; habitosOtros?: string | undefined; ... 8 more ...; habitos?: string[] | undefined; } | undefined' is not assignable to type 'AntecedentesPersonales | undefined'.
  Type '{ medicamentos?: string | undefined; patologicosOtros?: string | undefined; quirurgicosOtros?: string | undefined; alergicosOtros?: string | undefined; habitosOtros?: string | undefined; ... 8 more ...; habitos?: string[] | undefined; }' is not assignable to type 'AntecedentesPersonales'.
    Types of property 'patologicos' are incompatible.
      Type 'string[] | undefined' is not assignable to type 'string | undefined'.
        Type 'string[]' is not assignable to type 'string'.
src/components/consultation-form.tsx(294,17): error TS2322: Type 'string | undefined' is not assignable to type 'string'.
  Type 'undefined' is not assignable to type 'string'.
src/components/doctor-management.tsx(20,26): error TS2459: Module '"@/components/ui/data-table"' declares 'ColumnDef' locally, but it is not exported.
src/components/doctor-management.tsx(121,61): error TS7031: Binding element 'row' implicitly has an 'any' type.
src/components/doctor-management.tsx(122,64): error TS7031: Binding element 'row' implicitly has an 'any' type.
src/components/doctor-management.tsx(123,71): error TS7031: Binding element 'row' implicitly has an 'any' type.
src/components/doctor-management.tsx(124,57): error TS7031: Binding element 'row' implicitly has an 'any' type.
src/components/doctor-management.tsx(127,16): error TS7031: Binding element 'row' implicitly has an 'any' type.
src/components/medical-report-display.tsx(17,11): error TS2339: Property 'paciente' does not exist on type 'Consultation'.
src/components/morbidity-report.tsx(134,142): error TS2769: No overload matches this call.
  Overload 1 of 2, '(props: Props): YAxis', gave the following error.
    Object literal may only specify known properties, and 'whiteSpace' does not exist in type 'SVGProps<SVGTextElement> | ReactElement<SVGElement, string | JSXElementConstructor<any>> | ((props: any) => ReactElement<...>)'.
  Overload 2 of 2, '(props: Props, context: any): YAxis', gave the following error.
    Object literal may only specify known properties, and 'whiteSpace' does not exist in type 'SVGProps<SVGTextElement> | ReactElement<SVGElement, string | JSXElementConstructor<any>> | ((props: any) => ReactElement<...>)'.
src/components/nursing-consultation-form.tsx(198,9): error TS2322: Type '{ fr?: string | undefined; ta?: string | undefined; fc?: string | undefined; temp?: string | undefined; satO2?: string | undefined; }' is not assignable to type 'SignosVitales'.
  Types of property 'fc' are incompatible.
    Type 'string | undefined' is not assignable to type 'number | undefined'.
      Type 'string' is not assignable to type 'number'.
src/components/patient-history.tsx(164,96): error TS2339: Property 'consultationDate' does not exist on type 'Consultation | LabOrder'.
  Property 'consultationDate' does not exist on type 'LabOrder'.
src/components/patient-history.tsx(164,127): error TS2339: Property 'orderDate' does not exist on type 'Consultation | LabOrder'.
  Property 'orderDate' does not exist on type 'Consultation'.
src/components/patient-management.tsx(21,26): error TS2459: Module '"@/components/ui/data-table"' declares 'ColumnDef' locally, but it is not exported.
src/components/patient-management.tsx(111,84): error TS7031: Binding element 'row' implicitly has an 'any' type.
src/components/patient-management.tsx(117,20): error TS7031: Binding element 'row' implicitly has an 'any' type.
src/components/patient-management.tsx(123,71): error TS7031: Binding element 'row' implicitly has an 'any' type.
src/components/patient-management.tsx(126,20): error TS7031: Binding element 'row' implicitly has an 'any' type.
src/components/patient-queue.tsx(187,11): error TS2367: This comparison appears to be unintentional because the types 'Specialty' and 'string' have no overlap.
src/components/patient-queue.tsx(190,11): error TS2367: This comparison appears to be unintentional because the types 'Specialty' and 'string' have no overlap.
src/components/people-list.tsx(22,26): error TS2459: Module '"@/components/ui/data-table"' declares 'ColumnDef' locally, but it is not exported.
src/components/people-list.tsx(114,76): error TS7031: Binding element 'row' implicitly has an 'any' type.
src/components/people-list.tsx(116,81): error TS7031: Binding element 'row' implicitly has an 'any' type.
src/components/people-list.tsx(118,57): error TS7031: Binding element 'row' implicitly has an 'any' type.
src/components/people-list.tsx(121,20): error TS7031: Binding element 'row' implicitly has an 'any' type.
src/components/prescription-display.tsx(12,43): error TS2551: Property 'paciente' does not exist on type 'Consultation'. Did you mean 'pacienteId'?
src/components/prescription-display.tsx(73,65): error TS2551: Property 'paciente' does not exist on type 'Consultation'. Did you mean 'pacienteId'?
src/components/prescription-display.tsx(74,64): error TS2551: Property 'paciente' does not exist on type 'Consultation'. Did you mean 'pacienteId'?
src/components/specialty-management.tsx(18,26): error TS2459: Module '"./ui/data-table"' declares 'ColumnDef' locally, but it is not exported.
src/components/specialty-management.tsx(104,16): error TS7031: Binding element 'row' implicitly has an 'any' type.
src/components/treatment-log-management.tsx(91,51): error TS2345: Argument of type 'TreatmentOrderStatus' is not assignable to parameter of type '"Completado" | "Cancelado" | "En Progreso"'.
  Type '"Pendiente"' is not assignable to type '"Completado" | "Cancelado" | "En Progreso"'.
src/components/treatment-order-form.tsx(189,49): error TS2339: Property 'from' does not exist on type 'FieldError'.
src/components/treatment-order-form.tsx(189,84): error TS2339: Property 'to' does not exist on type 'FieldError'.
src/components/ui/sidebar.tsx(124,9): error TS2322: Type 'boolean | undefined' is not assignable to type 'boolean'.
  Type 'undefined' is not assignable to type 'boolean'.
src/components/user-management.tsx(21,26): error TS2459: Module '"@/components/ui/data-table"' declares 'ColumnDef' locally, but it is not exported.
src/components/user-management.tsx(119,61): error TS7031: Binding element 'row' implicitly has an 'any' type.
src/components/user-management.tsx(120,64): error TS7031: Binding element 'row' implicitly has an 'any' type.
src/components/user-management.tsx(121,57): error TS7031: Binding element 'row' implicitly has an 'any' type.
src/components/user-management.tsx(124,16): error TS7031: Binding element 'row' implicitly has an 'any' type.
src/lib/auth.ts(4,24): error TS2305: Module '"next/headers"' has no exported member 'ReadonlyRequestCookies'.
src/lib/types.ts(288,17): error TS2552: Cannot find name 'CreateConsultationDocumentInput'. Did you mean 'CreateConsultationInput'?
