
> medihub@1.0.0 typecheck
> tsc --noEmit

.next/types/app/dashboard/pacientes/[titularId]/beneficiarios/page.ts(34,29): error TS2344: Type '{ params: { titularId: string; }; }' does not satisfy the constraint 'PageProps'.
  Types of property 'params' are incompatible.
    Type '{ titularId: string; }' is missing the following properties from type 'Promise<any>': then, catch, finally, [Symbol.toStringTag]
src/actions/auth-actions.ts(9,30): error TS7016: Could not find a declaration file for module 'uuid'. 'C:/Users/npe├▒a/Documents/MEDIHUB/medidhub-cpv-main/node_modules/uuid/dist/esm-browser/index.js' implicitly has an 'any' type.
  Try `npm i --save-dev @types/uuid` if it exists or add a new declaration (.d.ts) file containing `declare module 'uuid';`
src/actions/auth-actions.ts(51,87): error TS2551: Property 'roleId' does not exist on type '{ id: string; username: string; role: { id: string; name: string; }; specialty?: Specialty | undefined; personaId?: string | undefined; name?: string | undefined; genero?: Genero | undefined; }'. Did you mean 'role'?
src/actions/auth-actions.ts(53,74): error TS2551: Property 'roleId' does not exist on type '{ id: string; username: string; role: { id: string; name: string; }; specialty?: Specialty | undefined; personaId?: string | undefined; name?: string | undefined; genero?: Genero | undefined; }'. Did you mean 'role'?
src/actions/auth-actions.ts(62,35): error TS2551: Property 'specialtyId' does not exist on type '{ id: string; username: string; role: { id: string; name: string; }; specialty?: Specialty | undefined; personaId?: string | undefined; name?: string | undefined; genero?: Genero | undefined; }'. Did you mean 'specialty'?
src/actions/auth-actions.ts(62,120): error TS2551: Property 'specialtyId' does not exist on type '{ id: string; username: string; role: { id: string; name: string; }; specialty?: Specialty | undefined; personaId?: string | undefined; name?: string | undefined; genero?: Genero | undefined; }'. Did you mean 'specialty'?
src/actions/auth-actions.ts(66,22): error TS2551: Property 'roleId' does not exist on type '{ id: string; username: string; role: { id: string; name: string; }; specialty?: Specialty | undefined; personaId?: string | undefined; name?: string | undefined; genero?: Genero | undefined; }'. Did you mean 'role'?
src/actions/auth-actions.ts(74,30): error TS2339: Property 'id' does not exist on type '{}'.
src/actions/auth-actions.ts(74,45): error TS2339: Property 'name' does not exist on type '{}'.
src/actions/auth-actions.ts(75,52): error TS2339: Property 'id' does not exist on type '{}'.
src/actions/auth-actions.ts(75,72): error TS2339: Property 'name' does not exist on type '{}'.
src/actions/auth-actions.ts(143,37): error TS2339: Property 'count' does not exist on type '{}'.
src/actions/auth-actions.ts(171,46): error TS18046: 'r' is of type 'unknown'.
src/actions/auth-actions.ts(171,52): error TS18046: 'r' is of type 'unknown'.
src/actions/auth-actions.ts(172,58): error TS18046: 's' is of type 'unknown'.
src/actions/auth-actions.ts(172,64): error TS18046: 's' is of type 'unknown'.
src/actions/auth-actions.ts(259,30): error TS2339: Property 'id' does not exist on type '{}'.
src/actions/auth-actions.ts(259,45): error TS2339: Property 'name' does not exist on type '{}'.
src/actions/patient-actions.ts(112,37): error TS2339: Property 'count' does not exist on type '{}'.
src/actions/patient-actions.ts(144,5): error TS2739: Type '{ fechaNacimiento: Date; }' is missing the following properties from type 'Persona': id, primerNombre, primerApellido, genero
src/actions/patient-actions.ts(144,52): error TS2339: Property 'fechaNacimiento' does not exist on type '{}'.
src/actions/patient-actions.ts(170,37): error TS2339: Property 'count' does not exist on type '{}'.
src/actions/patient-actions.ts(231,17): error TS2339: Property 'id' does not exist on type '{}'.
src/actions/patient-actions.ts(232,24): error TS2339: Property 'personaId' does not exist on type '{}'.
src/actions/patient-actions.ts(233,29): error TS2339: Property 'unidadServicio' does not exist on type '{}'.
src/actions/patient-actions.ts(234,26): error TS2339: Property 'numeroFicha' does not exist on type '{}'.
src/actions/patient-actions.ts(236,21): error TS2339: Property 'personaId' does not exist on type '{}'.
src/actions/patient-actions.ts(237,33): error TS2339: Property 'nombreCompleto' does not exist on type '{}'.
src/actions/patient-actions.ts(238,25): error TS2339: Property 'cedula' does not exist on type '{}'.
src/actions/patient-actions.ts(239,31): error TS2339: Property 'nacionalidad' does not exist on type '{}'.
src/actions/patient-actions.ts(240,31): error TS2339: Property 'cedulaNumero' does not exist on type '{}'.
src/actions/patient-actions.ts(241,43): error TS2339: Property 'fechaNacimiento' does not exist on type '{}'.
src/actions/patient-actions.ts(242,25): error TS2339: Property 'genero' does not exist on type '{}'.
src/actions/patient-actions.ts(243,31): error TS2339: Property 'primerNombre' does not exist on type '{}'.
src/actions/patient-actions.ts(244,32): error TS2339: Property 'segundoNombre' does not exist on type '{}'.
src/actions/patient-actions.ts(245,33): error TS2339: Property 'primerApellido' does not exist on type '{}'.
src/actions/patient-actions.ts(246,34): error TS2339: Property 'segundoApellido' does not exist on type '{}'.
src/actions/patient-actions.ts(247,28): error TS2339: Property 'telefono1' does not exist on type '{}'.
src/actions/patient-actions.ts(248,28): error TS2339: Property 'telefono2' does not exist on type '{}'.
src/actions/patient-actions.ts(249,24): error TS2339: Property 'email' does not exist on type '{}'.
src/actions/patient-actions.ts(250,28): error TS2339: Property 'direccion' does not exist on type '{}'.
src/actions/patient-actions.ts(251,34): error TS2339: Property 'representanteId' does not exist on type '{}'.
src/actions/patient-actions.ts(331,58): error TS2339: Property 'count' does not exist on type '{}'.
src/actions/patient-actions.ts(457,20): error TS2698: Spread types may only be created from object types.
src/actions/patient-actions.ts(457,65): error TS18046: 'createdPersona' is of type 'unknown'.
src/actions/patient-actions.ts(475,60): error TS2339: Property 'titularId' does not exist on type '{}'.
src/actions/patient-actions.ts(480,36): error TS2339: Property 'titularId' does not exist on type '{}'.
src/actions/patient-actions.ts(482,20): error TS2698: Spread types may only be created from object types.
src/actions/patient-actions.ts(482,61): error TS18046: 'updatedRow' is of type 'unknown'.
src/actions/patient-actions.ts(497,57): error TS2339: Property 'titularId' does not exist on type '{}'.
src/actions/patient-actions.ts(501,53): error TS2339: Property 'titularId' does not exist on type '{}'.
src/actions/patient-actions.ts(525,42): error TS18046: 'p' is of type 'unknown'.
src/actions/patient-actions.ts(540,58): error TS18046: 't' is of type 'unknown'.
src/actions/patient-actions.ts(543,35): error TS18046: 'b' is of type 'unknown'.
src/actions/patient-actions.ts(544,34): error TS18046: 'b' is of type 'unknown'.
src/actions/patient-actions.ts(546,30): error TS18046: 'b' is of type 'unknown'.
src/actions/patient-actions.ts(546,62): error TS18046: 'b' is of type 'unknown'.
src/actions/patient-actions.ts(546,90): error TS18046: 'b' is of type 'unknown'.
src/actions/patient-actions.ts(551,13): error TS2698: Spread types may only be created from object types.
src/actions/patient-actions.ts(552,39): error TS18046: 'p' is of type 'unknown'.
src/actions/patient-actions.ts(554,39): error TS18046: 'p' is of type 'unknown'.
src/actions/patient-actions.ts(554,53): error TS2571: Object is of type 'unknown'.
src/actions/patient-actions.ts(554,70): error TS18046: 'p' is of type 'unknown'.
src/actions/patient-actions.ts(554,96): error TS2571: Object is of type 'unknown'.
src/actions/patient-actions.ts(554,113): error TS18046: 'p' is of type 'unknown'.
src/actions/patient-actions.ts(555,46): error TS18046: 'p' is of type 'unknown'.
src/actions/patient-actions.ts(564,14): error TS2339: Property 'unidadServicio' does not exist on type '{}'.
src/actions/patient-actions.ts(565,86): error TS2339: Property 'unidadServicio' does not exist on type '{}'.
src/actions/patient-actions.ts(640,21): error TS2339: Property 'status' does not exist on type '{}'.
src/actions/patient-actions.ts(640,57): error TS2339: Property 'status' does not exist on type '{}'.
src/actions/patient-actions.ts(758,106): error TS18046: 'order' is of type 'unknown'.
src/actions/patient-actions.ts(763,21): error TS2698: Spread types may only be created from object types.
src/actions/patient-actions.ts(764,41): error TS18046: 'order' is of type 'unknown'.
src/actions/patient-actions.ts(765,43): error TS18046: 'i' is of type 'unknown'.
src/actions/patient-actions.ts(767,25): error TS2698: Spread types may only be created from object types.
src/actions/patient-actions.ts(768,51): error TS18046: 'persona' is of type 'unknown'.
src/actions/patient-actions.ts(770,43): error TS18046: 'order' is of type 'unknown'.
src/actions/patient-actions.ts(771,36): error TS18046: 'order' is of type 'unknown'.
src/actions/patient-actions.ts(847,70): error TS2339: Property 'id' does not exist on type '{}'.
src/actions/patient-actions.ts(892,37): error TS2339: Property 'count' does not exist on type '{}'.
src/actions/patient-actions.ts(900,14): error TS2322: Type 'unknown[]' is not assignable to type 'Empresa[]'.
  Type 'unknown' is not assignable to type 'Empresa'.
src/actions/patient-actions.ts(1075,14): error TS2698: Spread types may only be created from object types.
src/actions/patient-actions.ts(1075,59): error TS18046: 'updatedPersona' is of type 'unknown'.
src/actions/patient-actions.ts(1085,125): error TS2339: Property 'id' does not exist on type '{}'.
src/actions/patient-actions.ts(1086,13): error TS18046: 'beneficiaryCount' is of type 'unknown'.
src/actions/patient-actions.ts(1126,37): error TS2339: Property 'count' does not exist on type '{}'.
src/actions/patient-actions.ts(1139,14): error TS2322: Type 'unknown[]' is not assignable to type 'Cie10Code[]'.
  Type 'unknown' is not assignable to type 'Cie10Code'.
src/actions/patient-actions.ts(1176,9): error TS18046: 'usage' is of type 'unknown'.
src/actions/patient-actions.ts(1275,5): error TS2322: Type 'unknown' is not assignable to type '{ id: string; } | null'.
src/actions/patient-actions.ts(1320,135): error TS2339: Property 'id' does not exist on type '{}'.
src/actions/patient-actions.ts(1323,41): error TS2339: Property 'createdAt' does not exist on type '{}'.
src/actions/patient-actions.ts(1326,29): error TS2339: Property 'pacienteId' does not exist on type '{}'.
src/actions/patient-actions.ts(1327,36): error TS2339: Property 'personaId' does not exist on type '{}'.
src/actions/patient-actions.ts(1328,41): error TS2339: Property 'pacienteNombre' does not exist on type '{}'.
src/actions/patient-actions.ts(1329,33): error TS2339: Property 'pacienteCedula' does not exist on type '{}'.
src/actions/patient-actions.ts(1393,13): error TS18046: 'executions' is of type 'unknown'.
src/actions/patient-actions.ts(1401,13): error TS18046: 'pendingItems' is of type 'unknown'.
src/actions/patient-actions.ts(1463,13): error TS2698: Spread types may only be created from object types.
src/actions/patient-actions.ts(1464,39): error TS18046: 'persona' is of type 'unknown'.
src/actions/patient-actions.ts(1466,49): error TS2339: Property 'diagnosticoPrincipal' does not exist on type '{}'.
src/actions/patient-actions.ts(1467,42): error TS2339: Property 'treatmentPlan' does not exist on type '{}'.
src/actions/patient-actions.ts(1477,20): error TS2339: Property 'count' does not exist on type '{}'.
src/actions/patient-actions.ts(1489,20): error TS2339: Property 'count' does not exist on type '{}'.
src/actions/patient-actions.ts(1501,20): error TS2339: Property 'count' does not exist on type '{}'.
src/actions/patient-actions.ts(1624,9): error TS2698: Spread types may only be created from object types.
src/actions/patient-actions.ts(1625,34): error TS18046: 'row' is of type 'unknown'.
src/actions/patient-actions.ts(1626,23): error TS18046: 'row' is of type 'unknown'.
src/actions/patient-actions.ts(1626,51): error TS18046: 'row' is of type 'unknown'.
src/actions/patient-actions.ts(1627,39): error TS18046: 'row' is of type 'unknown'.
src/actions/patient-actions.ts(1628,31): error TS18046: 'row' is of type 'unknown'.
src/actions/patient-actions.ts(1629,32): error TS18046: 'row' is of type 'unknown'.
src/actions/patient-actions.ts(1630,35): error TS18046: 'row' is of type 'unknown'.
src/actions/patient-actions.ts(1631,31): error TS18046: 'row' is of type 'unknown'.
src/actions/patient-actions.ts(1695,5): error TS2322: Type 'unknown[]' is not assignable to type 'MorbidityReportRow[]'.
  Type 'unknown' is not assignable to type 'MorbidityReportRow'.
src/actions/patient-actions.ts(1740,13): error TS18046: 'p' is of type 'unknown'.
src/actions/patient-actions.ts(1741,13): error TS18046: 'p' is of type 'unknown'.
src/actions/patient-actions.ts(1742,43): error TS18046: 'p' is of type 'unknown'.
src/actions/patient-actions.ts(1749,55): error TS2339: Property 'count' does not exist on type '{}'.
src/actions/patient-actions.ts(1750,47): error TS2339: Property 'count' does not exist on type '{}'.
src/actions/security-actions.ts(14,30): error TS2698: Spread types may only be created from object types.
src/actions/security-actions.ts(14,55): error TS18046: 'role' is of type 'unknown'.
src/actions/security-actions.ts(23,11): error TS2739: Type '{ hasSpecialty: boolean; }' is missing the following properties from type 'Role': id, name, description
src/actions/security-actions.ts(23,62): error TS2339: Property 'hasSpecialty' does not exist on type '{}'.
src/actions/security-actions.ts(32,9): error TS2322: Type 'string[]' is not assignable to type 'Permission[] & string[]'.
  Type 'string[]' is not assignable to type 'Permission[]'.
    Type 'string' is not assignable to type 'Permission'.
src/actions/security-actions.ts(107,42): error TS2339: Property 'count' does not exist on type '{}'.
src/actions/settings-actions.ts(12,3): error TS2322: Type 'unknown[]' is not assignable to type 'Setting[]'.
  Type 'unknown' is not assignable to type 'Setting'.
src/actions/specialty-actions.ts(22,3): error TS2322: Type 'unknown[]' is not assignable to type 'Specialty[]'.
  Type 'unknown' is not assignable to type 'Specialty'.
src/actions/specialty-actions.ts(68,7): error TS18046: 'userCount' is of type 'unknown'.
src/ai/flows/generate-prescription.ts(24,14): error TS2305: Module '"genkit"' has no exported member 'GeneratePrescriptionInput'.
src/ai/flows/summarize-patient-history.ts(16,14): error TS2305: Module '"genkit"' has no exported member 'PatientHistoryInput'.
src/app/dashboard/reportes/page.tsx(196,132): error TS2769: No overload matches this call.
  Overload 1 of 2, '(props: Props): YAxis', gave the following error.
    Object literal may only specify known properties, and 'whiteSpace' does not exist in type 'SVGProps<SVGTextElement> | ReactElement<SVGElement, string | JSXElementConstructor<any>> | ((props: any) => ReactElement<...>)'.
  Overload 2 of 2, '(props: Props, context: any): YAxis', gave the following error.
    Object literal may only specify known properties, and 'whiteSpace' does not exist in type 'SVGProps<SVGTextElement> | ReactElement<SVGElement, string | JSXElementConstructor<any>> | ((props: any) => ReactElement<...>)'.
src/app/dashboard/reportes/page.tsx(380,158): error TS2769: No overload matches this call.
  Overload 1 of 2, '(props: Props): YAxis', gave the following error.
    Object literal may only specify known properties, and 'whiteSpace' does not exist in type 'SVGProps<SVGTextElement> | ReactElement<SVGElement, string | JSXElementConstructor<any>> | ((props: any) => ReactElement<...>)'.
  Overload 2 of 2, '(props: Props, context: any): YAxis', gave the following error.
    Object literal may only specify known properties, and 'whiteSpace' does not exist in type 'SVGProps<SVGTextElement> | ReactElement<SVGElement, string | JSXElementConstructor<any>> | ((props: any) => ReactElement<...>)'.
src/components/auth/login-form.tsx(5,25): error TS2305: Module '"react-dom"' has no exported member 'useActionState'.
src/components/cie10-management.tsx(19,26): error TS2459: Module '"@/components/ui/data-table"' declares 'ColumnDef' locally, but it is not exported.
src/components/cie10-management.tsx(111,18): error TS7031: Binding element 'row' implicitly has an 'any' type.
src/components/cie10-management.tsx(119,18): error TS7031: Binding element 'row' implicitly has an 'any' type.
src/components/company-management.tsx(20,26): error TS2459: Module '"@/components/ui/data-table"' declares 'ColumnDef' locally, but it is not exported.
src/components/company-management.tsx(113,57): error TS7031: Binding element 'row' implicitly has an 'any' type.
src/components/company-management.tsx(116,65): error TS7031: Binding element 'row' implicitly has an 'any' type.
src/components/company-management.tsx(119,20): error TS7031: Binding element 'row' implicitly has an 'any' type.
src/components/consultation-form-steps/step-diagnostico-plan.tsx(140,24): error TS2352: Conversion of type 'Record<"id", string>' to type 'CreateTreatmentItemInput' may be a mistake because neither type sufficiently overlaps with the other. If this was intentional, convert the expression to 'unknown' first.
  Property 'medicamentoProcedimiento' is missing in type 'Record<"id", string>' but required in type 'Omit<TreatmentOrderItem, "id" | "status" | "treatmentOrderId" | "executions">'.
src/components/consultation-form-steps/step-diagnostico-plan.tsx(273,52): error TS7006: Parameter 'study' implicitly has an 'any' type.
src/components/consultation-form.tsx(287,17): error TS2322: Type '{ patologicos?: string[] | undefined; patologicosOtros?: string | undefined; patologicosNinguno?: boolean | undefined; quirurgicos?: string[] | undefined; quirurgicosOtros?: string | undefined; ... 8 more ...; habitosNinguno?: boolean | undefined; } | undefined' is not assignable to type 'AntecedentesPersonales | undefined'.
  Type '{ patologicos?: string[] | undefined; patologicosOtros?: string | undefined; patologicosNinguno?: boolean | undefined; quirurgicos?: string[] | undefined; quirurgicosOtros?: string | undefined; ... 8 more ...; habitosNinguno?: boolean | undefined; }' is not assignable to type 'AntecedentesPersonales'.
    Types of property 'patologicos' are incompatible.
      Type 'string[] | undefined' is not assignable to type 'string | undefined'.
        Type 'string[]' is not assignable to type 'string'.
src/components/consultation-form.tsx(294,17): error TS2322: Type 'string | undefined' is not assignable to type 'string'.
  Type 'undefined' is not assignable to type 'string'.
src/components/doctor-management.tsx(20,26): error TS2459: Module '"@/components/ui/data-table"' declares 'ColumnDef' locally, but it is not exported.
src/components/doctor-management.tsx(121,61): error TS7031: Binding element 'row' implicitly has an 'any' type.
src/components/doctor-management.tsx(122,64): error TS7031: Binding element 'row' implicitly has an 'any' type.
src/components/doctor-management.tsx(123,71): error TS7031: Binding element 'row' implicitly has an 'any' type.
src/components/doctor-management.tsx(124,57): error TS7031: Binding element 'row' implicitly has an 'any' type.
src/components/doctor-management.tsx(127,16): error TS7031: Binding element 'row' implicitly has an 'any' type.
src/components/medical-report-display.tsx(17,11): error TS2339: Property 'paciente' does not exist on type 'Consultation'.
src/components/morbidity-report.tsx(134,142): error TS2769: No overload matches this call.
  Overload 1 of 2, '(props: Props): YAxis', gave the following error.
    Object literal may only specify known properties, and 'whiteSpace' does not exist in type 'SVGProps<SVGTextElement> | ReactElement<SVGElement, string | JSXElementConstructor<any>> | ((props: any) => ReactElement<...>)'.
  Overload 2 of 2, '(props: Props, context: any): YAxis', gave the following error.
    Object literal may only specify known properties, and 'whiteSpace' does not exist in type 'SVGProps<SVGTextElement> | ReactElement<SVGElement, string | JSXElementConstructor<any>> | ((props: any) => ReactElement<...>)'.
src/components/nursing-consultation-form.tsx(198,9): error TS2322: Type '{ fr?: string | undefined; ta?: string | undefined; fc?: string | undefined; temp?: string | undefined; satO2?: string | undefined; }' is not assignable to type 'SignosVitales'.
  Types of property 'fc' are incompatible.
    Type 'string | undefined' is not assignable to type 'number | undefined'.
      Type 'string' is not assignable to type 'number'.
src/components/patient-history.tsx(164,96): error TS2339: Property 'consultationDate' does not exist on type 'Consultation | LabOrder'.
  Property 'consultationDate' does not exist on type 'LabOrder'.
src/components/patient-history.tsx(164,127): error TS2339: Property 'orderDate' does not exist on type 'Consultation | LabOrder'.
  Property 'orderDate' does not exist on type 'Consultation'.
src/components/patient-management.tsx(21,26): error TS2459: Module '"@/components/ui/data-table"' declares 'ColumnDef' locally, but it is not exported.
src/components/patient-management.tsx(111,84): error TS7031: Binding element 'row' implicitly has an 'any' type.
src/components/patient-management.tsx(117,20): error TS7031: Binding element 'row' implicitly has an 'any' type.
src/components/patient-management.tsx(123,71): error TS7031: Binding element 'row' implicitly has an 'any' type.
src/components/patient-management.tsx(126,20): error TS7031: Binding element 'row' implicitly has an 'any' type.
src/components/patient-queue.tsx(187,11): error TS2367: This comparison appears to be unintentional because the types 'Specialty' and 'string' have no overlap.
src/components/patient-queue.tsx(190,11): error TS2367: This comparison appears to be unintentional because the types 'Specialty' and 'string' have no overlap.
src/components/people-list.tsx(22,26): error TS2459: Module '"@/components/ui/data-table"' declares 'ColumnDef' locally, but it is not exported.
src/components/people-list.tsx(114,76): error TS7031: Binding element 'row' implicitly has an 'any' type.
src/components/people-list.tsx(116,81): error TS7031: Binding element 'row' implicitly has an 'any' type.
src/components/people-list.tsx(118,57): error TS7031: Binding element 'row' implicitly has an 'any' type.
src/components/people-list.tsx(121,20): error TS7031: Binding element 'row' implicitly has an 'any' type.
src/components/prescription-display.tsx(12,43): error TS2551: Property 'paciente' does not exist on type 'Consultation'. Did you mean 'pacienteId'?
src/components/prescription-display.tsx(73,65): error TS2551: Property 'paciente' does not exist on type 'Consultation'. Did you mean 'pacienteId'?
src/components/prescription-display.tsx(74,64): error TS2551: Property 'paciente' does not exist on type 'Consultation'. Did you mean 'pacienteId'?
src/components/specialty-management.tsx(18,26): error TS2459: Module '"./ui/data-table"' declares 'ColumnDef' locally, but it is not exported.
src/components/specialty-management.tsx(104,16): error TS7031: Binding element 'row' implicitly has an 'any' type.
src/components/treatment-log-management.tsx(91,51): error TS2345: Argument of type 'TreatmentOrderStatus' is not assignable to parameter of type '"Completado" | "Cancelado" | "En Progreso"'.
  Type '"Pendiente"' is not assignable to type '"Completado" | "Cancelado" | "En Progreso"'.
src/components/treatment-order-form.tsx(189,49): error TS2339: Property 'from' does not exist on type 'FieldError'.
src/components/treatment-order-form.tsx(189,84): error TS2339: Property 'to' does not exist on type 'FieldError'.
src/components/ui/sidebar.tsx(124,9): error TS2322: Type 'boolean | undefined' is not assignable to type 'boolean'.
  Type 'undefined' is not assignable to type 'boolean'.
src/components/user-management.tsx(21,26): error TS2459: Module '"@/components/ui/data-table"' declares 'ColumnDef' locally, but it is not exported.
src/components/user-management.tsx(119,61): error TS7031: Binding element 'row' implicitly has an 'any' type.
src/components/user-management.tsx(120,64): error TS7031: Binding element 'row' implicitly has an 'any' type.
src/components/user-management.tsx(121,57): error TS7031: Binding element 'row' implicitly has an 'any' type.
src/components/user-management.tsx(124,16): error TS7031: Binding element 'row' implicitly has an 'any' type.
src/lib/db.ts(38,15): error TS2322: Type 'QueryResult<QueryResultRow>' is not assignable to type 'QueryResult<T>'.
  Type 'QueryResultRow' is not assignable to type 'T'.
    'T' could be instantiated with an arbitrary type which could be unrelated to 'QueryResultRow'.
src/lib/db.ts(38,32): error TS2344: Type 'T' does not satisfy the constraint 'QueryResultRow'.
src/lib/db.ts(44,15): error TS2322: Type 'QueryResult<QueryResultRow>' is not assignable to type 'QueryResult<T>'.
  Type 'QueryResultRow' is not assignable to type 'T'.
    'T' could be instantiated with an arbitrary type which could be unrelated to 'QueryResultRow'.
src/lib/db.ts(44,32): error TS2344: Type 'T' does not satisfy the constraint 'QueryResultRow'.
